// Jest Snapshot v1, https://goo.gl/fbAQLP

exports[`renders correctly 1`] = `
<div
  className="pt-20 md:pt-[148px] lg:pt-[395px]"
>
  <a
    href="https://aycan.dev"
    onClick={[Function]}
    onMouseEnter={[Function]}
    target="_blank"
  >
    <button
      className="text-bold h-button_sm w-button_sm rounded-full bg-white font-bellefair text-20 font-normal uppercase tracking-tighter text-vulcan transition-all hover:shadow-button md:h-button_md md:w-button_md md:text-32 md:tracking-tight lg:mr-2 lg:h-button_lg lg:w-button_lg"
    >
      explore
    </button>
  </a>
</div>
`;
